[pedidocamillagourmet.delivery/index.html]
[backblue.gif]
[fade.gif]
[index.html]
[pedidocamillagourmet.delivery/images/logo.png]
[pedidocamillagourmet.delivery/css/delivry.css]
[pedidocamillagourmet.delivery/js/latest_1.js]
[pedidocamillagourmet.delivery/images/fundo2.png]
[pedidocamillagourmet.delivery/images/kit3.png]
[pedidocamillagourmet.delivery/J1/index.html]
[pedidocamillagourmet.delivery/images/kit6.png]
[pedidocamillagourmet.delivery/J16/index.html]
[pedidocamillagourmet.delivery/images/kit4.png]
[pedidocamillagourmet.delivery/J2/index.html]
[pedidocamillagourmet.delivery/images/kit16.png]
[pedidocamillagourmet.delivery/J3/index.html]
[pedidocamillagourmet.delivery/J10/index.html]
[pedidocamillagourmet.delivery/js/jquery.min.js]
[pedidocamillagourmet.delivery/js/delivry.js]
[pedidocamillagourmet.delivery/js/sweetalert.min.js]
[pedidocamillagourmet.delivery/index.html]
[pedidocamillagourmet.delivery/css/delivry.css]
[pedidocamillagourmet.delivery/wa.html]
[pedidocamillagourmet.delivery/js/all.js]
[pedidocamillagourmet.delivery/js/latest_1.js]
[pedidocamillagourmet.delivery/J1/css/delivry.css]
[pedidocamillagourmet.delivery/J1/js/latest_1.js]
[pedidocamillagourmet.delivery/J1/js/jquery.js]
[pedidocamillagourmet.delivery/J1/js/deliveryProduto.js]
[pedidocamillagourmet.delivery/J1/js/all.js]
[pedidocamillagourmet.delivery/J1/js/jquery-mask.js]
[pedidocamillagourmet.delivery/J1/js/sweetalert.min.js]
[pedidocamillagourmet.delivery/J1/index.html]
[pedidocamillagourmet.delivery/J16/css/delivry.css]
[pedidocamillagourmet.delivery/J16/js/latest_1.js]
[pedidocamillagourmet.delivery/J16/js/jquery.js]
[pedidocamillagourmet.delivery/J16/js/deliveryProduto.js]
[pedidocamillagourmet.delivery/J16/js/all.js]
[pedidocamillagourmet.delivery/J16/js/jquery-mask.js]
[pedidocamillagourmet.delivery/J16/js/sweetalert.min.js]
[pedidocamillagourmet.delivery/J16/index.html]
[pedidocamillagourmet.delivery/J2/css/delivry.css]
[pedidocamillagourmet.delivery/J2/js/latest_1.js]
[pedidocamillagourmet.delivery/J2/js/jquery.js]
[pedidocamillagourmet.delivery/J2/js/deliveryProduto.js]
[pedidocamillagourmet.delivery/J2/js/all.js]
[pedidocamillagourmet.delivery/J2/js/jquery-mask.js]
[pedidocamillagourmet.delivery/J2/js/sweetalert.min.js]
[pedidocamillagourmet.delivery/J2/index.html]
[pedidocamillagourmet.delivery/J3/css/delivry.css]
[pedidocamillagourmet.delivery/J3/js/latest_1.js]
[pedidocamillagourmet.delivery/J3/js/jquery.js]
[pedidocamillagourmet.delivery/J3/js/deliveryProduto.js]
[pedidocamillagourmet.delivery/J3/js/all.js]
[pedidocamillagourmet.delivery/J3/js/jquery-mask.js]
[pedidocamillagourmet.delivery/J3/js/sweetalert.min.js]
[pedidocamillagourmet.delivery/J3/index.html]
[pedidocamillagourmet.delivery/J10/images/1747968088177-606261183.png]
[pedidocamillagourmet.delivery/J10/css/delivry.css]
[pedidocamillagourmet.delivery/J10/js/latest_1.js]
[pedidocamillagourmet.delivery/J10/js/jquery.js]
[pedidocamillagourmet.delivery/J10/js/deliveryProduto.js]
[pedidocamillagourmet.delivery/J10/js/all.js]
[pedidocamillagourmet.delivery/J10/js/jquery-mask.js]
[pedidocamillagourmet.delivery/J10/js/sweetalert.min.js]
[pedidocamillagourmet.delivery/J10/index.html]
[pedidocamillagourmet.delivery/js/jquery.min.js]
[pedidocamillagourmet.delivery/GET.html]
[pedidocamillagourmet.delivery/js/delivry.js]
[pedidocamillagourmet.delivery/Trident/index.html]
[pedidocamillagourmet.delivery/js/all.js]
[pedidocamillagourmet.delivery/index-2.html]
[pedidocamillagourmet.delivery/js/sweetalert.min.js]
[pedidocamillagourmet.delivery/wa.html]
[pedidocamillagourmet.delivery/J1/css/delivry.css]
[pedidocamillagourmet.delivery/J1/wa.me]
[pedidocamillagourmet.delivery/J1/js/latest_1.js]
[pedidocamillagourmet.delivery/J1/js/jquery.js]
[pedidocamillagourmet.delivery/J1/GET]
[pedidocamillagourmet.delivery/J1/js/deliveryProduto.js]
[pedidocamillagourmet.delivery/J1/js/all.js]
[pedidocamillagourmet.delivery/J1/js/jquery-mask.js]
[pedidocamillagourmet.delivery/J1/js/sweetalert.min.js]
[pedidocamillagourmet.delivery/J16/css/delivry.css]
[pedidocamillagourmet.delivery/J1/Trident/index.html]
[pedidocamillagourmet.delivery/J16/wa.3b.delayed]
[pedidocamillagourmet.delivery/J16/js/latest_1.js]
[pedidocamillagourmet.delivery/J16/js/jquery.js]
[pedidocamillagourmet.delivery/J16/GET]
[pedidocamillagourmet.delivery/J16/js/deliveryProduto.js]
[pedidocamillagourmet.delivery/J16/js/all.js]
[pedidocamillagourmet.delivery/J16/js/jquery-mask.js]
[pedidocamillagourmet.delivery/J16/js/sweetalert.min.js]
[pedidocamillagourmet.delivery/J2/css/delivry.css]
[pedidocamillagourmet.delivery/J16/Trident/index.html]
[pedidocamillagourmet.delivery/J2/wa.me]
[pedidocamillagourmet.delivery/J2/js/latest_1.js]
[pedidocamillagourmet.delivery/J2/js/jquery.js]
[pedidocamillagourmet.delivery/J2/GET]
[pedidocamillagourmet.delivery/J2/js/deliveryProduto.js]
[pedidocamillagourmet.delivery/J2/js/all.js]
[pedidocamillagourmet.delivery/J2/js/jquery-mask.js]
[pedidocamillagourmet.delivery/J2/js/sweetalert.min.js]
[pedidocamillagourmet.delivery/J3/css/delivry.css]
[pedidocamillagourmet.delivery/J2/Trident/index.html]
[pedidocamillagourmet.delivery/J3/wa.me]
[pedidocamillagourmet.delivery/J3/js/latest_1.js]
[pedidocamillagourmet.delivery/J3/js/jquery.js]
[pedidocamillagourmet.delivery/J3/GET]
[pedidocamillagourmet.delivery/J3/js/deliveryProduto.js]
[pedidocamillagourmet.delivery/J3/js/all.js]
[pedidocamillagourmet.delivery/J3/js/jquery-mask.js]
[pedidocamillagourmet.delivery/J3/js/sweetalert.min.js]
[pedidocamillagourmet.delivery/J10/css/delivry.css]
[pedidocamillagourmet.delivery/J3/Trident/index.html]
[pedidocamillagourmet.delivery/J10/wa.me]
[pedidocamillagourmet.delivery/J10/js/latest_1.js]
[pedidocamillagourmet.delivery/J10/js/jquery.js]
[pedidocamillagourmet.delivery/J10/GET]
[pedidocamillagourmet.delivery/J10/js/deliveryProduto.js]
[pedidocamillagourmet.delivery/J10/js/all.js]
[pedidocamillagourmet.delivery/J10/js/jquery-mask.js]
[pedidocamillagourmet.delivery/J10/js/sweetalert.min.js]
[pedidocamillagourmet.delivery/GET.html]
[pedidocamillagourmet.delivery/Trident/index.html]
[pedidocamillagourmet.delivery/index-2.html]
[pedidocamillagourmet.delivery/J1/wa.html]
[pedidocamillagourmet.delivery/J1/GET.html]
[pedidocamillagourmet.delivery/J1/Trident/index.html]
[pedidocamillagourmet.delivery/J16/wa.html]
[pedidocamillagourmet.delivery/J16/GET.html]
[pedidocamillagourmet.delivery/J16/Trident/index.html]
[pedidocamillagourmet.delivery/J2/wa.html]
[pedidocamillagourmet.delivery/J2/GET.html]
[pedidocamillagourmet.delivery/J2/Trident/index.html]
[pedidocamillagourmet.delivery/J3/wa.html]
[pedidocamillagourmet.delivery/J3/GET.html]
[pedidocamillagourmet.delivery/J3/Trident/index.html]
[pedidocamillagourmet.delivery/J10/wa.html]
[pedidocamillagourmet.delivery/J10/GET.html]
[pedidocamillagourmet.delivery/J10/Trident/index.html]
[pedidocamillagourmet.delivery/J10/Trident/index.html]
